<?xml version="1.0" encoding="UTF-8"?>
<testsuites name="jest tests" tests="9" failures="0" errors="0" time="1.091">
  <testsuite name="文章检查工具测试" errors="0" failures="0" skipped="0" timestamp="2025-03-03T04:55:10" time="0.22" tests="4">
    <testcase classname="文章检查工具测试 检查文章完整性 - 正常情况" name="文章检查工具测试 检查文章完整性 - 正常情况" time="0.015">
    </testcase>
    <testcase classname="文章检查工具测试 检查文章完整性 - 缺少缩略图" name="文章检查工具测试 检查文章完整性 - 缺少缩略图" time="0.007">
    </testcase>
    <testcase classname="文章检查工具测试 提取文章信息" name="文章检查工具测试 提取文章信息" time="0.006">
    </testcase>
    <testcase classname="文章检查工具测试 添加新文章" name="文章检查工具测试 添加新文章" time="0.007">
    </testcase>
  </testsuite>
  <testsuite name="主页功能测试" errors="0" failures="0" skipped="0" timestamp="2025-03-03T04:55:10" time="0.042" tests="5">
    <testcase classname="主页功能测试 轮播图应该有正确数量的幻灯片" name="主页功能测试 轮播图应该有正确数量的幻灯片" time="0.005">
    </testcase>
    <testcase classname="主页功能测试 轮播图应该有正确数量的指示器" name="主页功能测试 轮播图应该有正确数量的指示器" time="0.001">
    </testcase>
    <testcase classname="工具函数测试 懒加载函数应该正确处理图片" name="工具函数测试 懒加载函数应该正确处理图片" time="0.002">
    </testcase>
    <testcase classname="工具函数测试 深色模式切换应该正确工作" name="工具函数测试 深色模式切换应该正确工作" time="0.001">
    </testcase>
    <testcase classname="性能监控工具测试 性能监控工具应该正确格式化时间" name="性能监控工具测试 性能监控工具应该正确格式化时间" time="0">
    </testcase>
  </testsuite>
</testsuites>